[22:23:21.449] [SYSTEM] Black Box Logging Initialized.
[22:23:21.458] [SYSTEM] Log Path: H:\Programming\Personal_projects\Horizon_Browser\development_version_beta\bin\Release\logs\debug_20260709_222321.log
[22:23:21.459] [BOOT] Horizon Stealth Browser is starting...
[22:23:21.468] [BOOT] Mode: Standard Browser
[22:23:21.473] [ENGINE] Initializing Stealth Environment...
[22:23:21.508] [ENGINE] WebView2 Environment Created.
[22:23:21.801] [VAULT] Initialized. Loaded 0 credentials.
[22:23:21.839] [HISTORY] Loaded 287 history entries.
[22:23:21.840] [JANITOR] Initializing Service...
[22:23:21.842] [JANITOR] Timer started. Interval: 60s.
[22:23:22.594] [UI] MainWindow Ready (Multi-Instance + Shortcuts).
[22:23:24.867] [EXT] WARNING: Extension folder missing for 'mmioliijnhnoblpgimnlajmefafdfilb'
[22:23:24.911] [EXT] WARNING: Extension folder missing for 'gighmmpiobklfepjocnamgkkbiglidom'
[22:23:24.914] [EXT] WARNING: Extension folder missing for 'eimadpbcbfnmbkopoojfekhnkhdbieeh'
[22:23:24.917] [EXT] WARNING: Extension folder missing for 'okpidcojinmlaakglciglbpcpajaibco'
[22:23:29.540] [EXT] Skipped Firefox-only extension: 'traduzir_paginas_web-10.1.1.1'
[22:23:29.552] [GACCT] DetectCalled — url=https://alohafind.com/
[22:23:29.816] [EXT] Loaded: 'adguard' → ID=gjbcdalockdbdpjilfijigifebblleeo
[22:23:29.929] [EXT] Loaded: 'autoskip-for-youtube™-ads-chrome-web-store' → ID=enpiaeoobofcpedppdnooadnbaldkjih
[22:23:29.936] [EXT] Loaded: 'consent-o-matic' → ID=fennofgmefeblbegldihhmpehdehoflg
[22:23:29.945] [EXT] Loaded: 'crx-extractor-downloader-chrome-web-store' → ID=aagoielimgdcaagiedmdildgfdhcmogh
[22:23:30.011] [EXT] Loaded: 'dark-mode-chrome-web-store' → ID=pnbopgbekiomlhlfodahgbchgghkkkie
[22:23:30.020] [EXT] Loaded: 'document-preview-exporter-for-google-drive-chrome-web-store' → ID=igdgheonliiohfnmpdnpimnojhednhon
[22:23:30.265] [EXT] Loaded: 'efaidnbmnnnibpcajpcglclefindmkaj' → ID=idompkcebcckjachidfhndpicmhicmjf
[22:23:30.387] [EXT] Loaded: 'ghbmnnjooekpmoecnnnilnnbdlolhkhi' → ID=ikofmhjegkmohfaglioagcphlgakpmff
[22:23:30.500] [EXT] Loaded: 'google-docs-offline-chrome-web-store' → ID=fjfcaoomjhlpbniopilcfbpefalbhpba
[22:23:30.632] [EXT] Loaded: 'kjchkpkjpiloipaonppkmepcbhcncedo' → ID=kjchkpkjpiloipaonppkmepcbhcncedo
[22:23:33.543] [CRASH] WebView2 process failed [AlohaFind Private web search - Private search for VPN]: BrowserProcessExited

[CRITICAL FAILURE DETECTED - MERGING TAPE]
==========================================
===       HORIZON BLACK BOX TAPE       ===
==========================================
Timestamp: 9.7.2026 г. 22:23:33
Context:   WebView2 BrowserProcessExited reinit
Exception: InvalidOperationException
Message:   The WebView control is no longer valid because the browser process crashed.To work around this, please listen for the CoreWebView2.ProcessFailed event to explicitly manage the lifetime of the WebView2 control in the event of a browser failure.https://docs.microsoft.com/en-us/dotnet/api/microsoft.web.webview2.core.corewebview2.processfailed
------------------------------------------
Stack Trace:
   at Microsoft.Web.WebView2.Wpf.WebView2Base.VerifyBrowserNotCrashed()
   at Microsoft.Web.WebView2.Wpf.WebView2Base.get_CoreWebView2()
   at Microsoft.Web.WebView2.Wpf.WebView2.get_CoreWebView2()
   at Horizon.Stealth.MainWindow.<>c__DisplayClass322_5.<<CreateNewTab>b__16>d.MoveNext() in H:\Programming\Personal_projects\Horizon_Browser\development_version_beta\MainWindow.xaml.cs:line 1868
==========================================
[TAPE MERGE COMPLETE]
[22:23:34.119] [SWITCHER] Snapshot timed out for: ⚠ Crashed
[22:23:37.739] [GACCT] DetectCalled — url=https://alohafind.com/
[22:23:42.579] [SESSION] Saved 1 tabs for session restore.
[22:23:43.763] [SESSION] Saved 1 tabs for session restore.
[22:23:43.892] [SESSION] Saved 1 tabs for session restore.
