[09:32:51.585] [SYSTEM] Black Box Logging Initialized.
[09:32:51.592] [SYSTEM] Log Path: E:\Programming\Personal_projects\Horizon_Browser\Horizon_Browser_official_release\bin\Release\logs\debug_20260404_093251.log
[09:32:51.593] [BOOT] Horizon Stealth Browser is starting...
[09:32:51.597] [BOOKMARKS] Initialized. Loaded 0 bookmarks.
[09:32:51.597] [BOOT] Mode: Standard Browser
[09:32:51.602] [ENGINE] Initializing Stealth Environment...
[09:32:51.627] [ENGINE] WebView2 Environment Created.
[09:32:51.738] [VAULT] Initialized. Loaded 0 credentials.
[09:32:51.745] [HISTORY] Loaded 268 history entries.
[09:32:51.746] [JANITOR] Initializing Service...
[09:32:51.747] [JANITOR] Timer started. Interval: 60s.
[09:32:52.303] [UI] MainWindow Ready (Multi-Instance + Shortcuts).
[09:32:55.260] [EXT] Skipped Firefox-only extension: 'traduzir_paginas_web-10.1.1.1'
[09:32:55.499] [EXT] Loaded: 'adguard' → ID=gjbcdalockdbdpjilfijigifebblleeo
[09:32:55.615] [EXT] Loaded: 'autoskip-for-youtube™-ads-chrome-web-store' → ID=enpiaeoobofcpedppdnooadnbaldkjih
[09:32:55.622] [EXT] Loaded: 'consent-o-matic' → ID=fennofgmefeblbegldihhmpehdehoflg
[09:32:55.632] [EXT] Loaded: 'crx-extractor-downloader-chrome-web-store' → ID=aagoielimgdcaagiedmdildgfdhcmogh
[09:32:55.767] [EXT] Loaded: 'google-docs-offline-chrome-web-store' → ID=fjfcaoomjhlpbniopilcfbpefalbhpba
[09:32:55.933] [EXT] Loaded: 'linguist-web-page-translator-chrome-web-store' → ID=cknpchhamkghepdgmebdeeiklbmhajjb
[09:32:55.947] [EXT] Loaded: 'manus-ai-browser-operator-chrome-web-store' → ID=mahdomgfmegkjcelplonolabemigokdm
[09:32:55.954] [EXT] Loaded: 'remove-paywalls-chrome-web-store' → ID=mlfdcdoeelfhknfbpcjgffjbcjcipccl
[09:32:55.967] [EXT] Loaded: 'save-it-later-chrome-web-store' → ID=dbhoefmijjkdalpfhgfcpakjilijegok
[09:32:56.221] [EXT] Loaded: 'sponsorblock-for-youtube-skip-sponsorships-chrome-web-store' → ID=llafjhmkffdlhpiojoipllmmedhckpgh
[09:32:56.238] [EXT] Loaded: 'tldr-this-free-automatic-text-summary-tool-chrome-web-store' → ID=bjchemafiampldmkfmpigfoakogialkl
[09:32:56.239] [EXT] Extension loading done — 11 loaded, 0 failed.
[09:33:05.164] [SESSION] Saved 1 tabs for session restore.
[09:33:05.214] [SESSION] Saved 1 tabs for session restore.
