[21:49:34.675] [SYSTEM] Black Box Logging Initialized.
[21:49:34.684] [SYSTEM] Log Path: H:\Programming\Personal_projects\Horizon_Browser\development_version_alpha\bin\Release\logs\debug_20260430_214934.log
[21:49:34.834] [BOOT] Horizon Stealth Browser is starting...
[21:49:34.842] [BOOT] Mode: Standard Browser
[21:49:34.848] [ENGINE] Initializing Stealth Environment...
[21:49:34.884] [ENGINE] WebView2 Environment Created.
[21:49:34.982] [VAULT] Initialized. Loaded 0 credentials.
[21:49:34.993] [HISTORY] Loaded 28 history entries.
[21:49:34.997] [JANITOR] Initializing Service...
[21:49:34.999] [JANITOR] Timer started. Interval: 60s.
[21:49:35.716] [UI] MainWindow Ready (Multi-Instance + Shortcuts).
[21:49:42.924] [EXT] Skipped Firefox-only extension: 'traduzir_paginas_web-10.1.1.1'
[21:49:43.243] [EXT] Loaded: 'adguard' → ID=gjbcdalockdbdpjilfijigifebblleeo
[21:49:43.403] [EXT] Loaded: 'autoskip-for-youtube™-ads-chrome-web-store' → ID=enpiaeoobofcpedppdnooadnbaldkjih
[21:49:43.415] [EXT] Loaded: 'consent-o-matic' → ID=fennofgmefeblbegldihhmpehdehoflg
[21:49:43.429] [EXT] Loaded: 'crx-extractor-downloader-chrome-web-store' → ID=aagoielimgdcaagiedmdildgfdhcmogh
[21:49:43.486] [EXT] Loaded: 'dark-mode-chrome-web-store' → ID=pnbopgbekiomlhlfodahgbchgghkkkie
[21:49:43.530] [EXT] Loaded: 'document-preview-exporter-for-google-drive-chrome-web-store' → ID=igdgheonliiohfnmpdnpimnojhednhon
[21:49:43.823] [EXT] Loaded: 'google-docs-offline-chrome-web-store' → ID=fjfcaoomjhlpbniopilcfbpefalbhpba
[21:49:44.002] [EXT] Loaded: 'linguist-web-page-translator-chrome-web-store' → ID=cknpchhamkghepdgmebdeeiklbmhajjb
[21:49:44.028] [EXT] Loaded: 'manus-ai-browser-operator-chrome-web-store' → ID=mahdomgfmegkjcelplonolabemigokdm
[21:49:44.037] [EXT] Loaded: 'pip-youtube-pip-chrome-web-store' → ID=genekjfjfkimebghjfadgkigblpjbfaf
[21:49:44.045] [EXT] Loaded: 'remove-paywalls-chrome-web-store' → ID=mlfdcdoeelfhknfbpcjgffjbcjcipccl
[21:49:44.075] [EXT] Loaded: 'save-it-later-chrome-web-store' → ID=dbhoefmijjkdalpfhgfcpakjilijegok
[21:49:44.521] [EXT] Loaded: 'sponsorblock-for-youtube-skip-sponsorships-chrome-web-store' → ID=llafjhmkffdlhpiojoipllmmedhckpgh
[21:49:44.546] [EXT] Loaded: 'tldr-this-free-automatic-text-summary-tool-chrome-web-store' → ID=bjchemafiampldmkfmpigfoakogialkl
[21:49:44.555] [EXT] Extension loading done — 14 loaded, 0 failed.
[21:49:47.682] [SWITCHER] Snapshot timed out for: AlohaFind Private web search - Private search for VPN
[21:49:56.011] [SWITCHER] Snapshot timed out for: Features of CRX extractor and downloader extension · The Bytes Effect
[21:49:58.067] [SWITCHER] Snapshot timed out for: My Browser - Manus
[21:50:02.811] [SESSION] Saved 5 tabs for session restore.
[21:50:02.876] [SESSION] Saved 5 tabs for session restore.
