[19:52:17.725] [SYSTEM] Black Box Logging Initialized.
[19:52:17.750] [SYSTEM] Log Path: H:\Programming\Personal_projects\Horizon_Browser\Horizon_Browser_official_release\bin\Release\logs\debug_20260522_195217.log
[19:52:17.751] [BOOT] Horizon Stealth Browser is starting...
[19:52:17.762] [BOOT] Mode: Standard Browser
[19:52:17.810] [ENGINE] Initializing Stealth Environment...
[19:52:17.987] [ENGINE] WebView2 Environment Created.
[19:52:18.212] [VAULT] Initialized. Loaded 0 credentials.
[19:52:18.217] [HISTORY] Loaded 0 history entries.
[19:52:18.219] [JANITOR] Initializing Service...
[19:52:18.224] [JANITOR] Timer started. Interval: 60s.
[19:52:19.623] [UI] MainWindow Ready (Multi-Instance + Shortcuts).
[19:52:35.602] [EXT] Skipped Firefox-only extension: 'traduzir_paginas_web-10.1.1.1'
[19:52:36.238] [EXT] Loaded: 'adguard' → ID=gjbcdalockdbdpjilfijigifebblleeo
[19:52:36.346] [EXT] Loaded: 'autoskip-for-youtube™-ads-chrome-web-store' → ID=enpiaeoobofcpedppdnooadnbaldkjih
[19:52:36.365] [EXT] Loaded: 'consent-o-matic' → ID=fennofgmefeblbegldihhmpehdehoflg
[19:52:36.384] [EXT] Loaded: 'crx-extractor-downloader-chrome-web-store' → ID=aagoielimgdcaagiedmdildgfdhcmogh
[19:52:36.414] [EXT] Loaded: 'dark-mode-chrome-web-store' → ID=pnbopgbekiomlhlfodahgbchgghkkkie
[19:52:36.430] [EXT] Loaded: 'document-preview-exporter-for-google-drive-chrome-web-store' → ID=igdgheonliiohfnmpdnpimnojhednhon
[19:52:36.550] [EXT] Loaded: 'google-docs-offline-chrome-web-store' → ID=fjfcaoomjhlpbniopilcfbpefalbhpba
[19:52:36.785] [EXT] Loaded: 'linguist-web-page-translator-chrome-web-store' → ID=cknpchhamkghepdgmebdeeiklbmhajjb
[19:52:36.802] [EXT] Loaded: 'manus-ai-browser-operator-chrome-web-store' → ID=mahdomgfmegkjcelplonolabemigokdm
[19:52:36.809] [EXT] Loaded: 'pip-youtube-pip-chrome-web-store' → ID=genekjfjfkimebghjfadgkigblpjbfaf
[19:52:36.820] [EXT] Loaded: 'remove-paywalls-chrome-web-store' → ID=mlfdcdoeelfhknfbpcjgffjbcjcipccl
[19:52:36.833] [EXT] Loaded: 'save-it-later-chrome-web-store' → ID=dbhoefmijjkdalpfhgfcpakjilijegok
[19:52:37.171] [EXT] Loaded: 'sponsorblock-for-youtube-skip-sponsorships-chrome-web-store' → ID=llafjhmkffdlhpiojoipllmmedhckpgh
[19:52:37.196] [EXT] Loaded: 'tldr-this-free-automatic-text-summary-tool-chrome-web-store' → ID=bjchemafiampldmkfmpigfoakogialkl
[19:52:37.199] [EXT] Extension loading done — 14 loaded, 0 failed.
[19:53:18.225] [JANITOR] Starting scan of: C:\Users\MoRDekai1364\Downloads
[19:53:18.227] [JANITOR] Found 13 files.
[19:54:18.226] [JANITOR] Starting scan of: C:\Users\MoRDekai1364\Downloads
[19:54:18.228] [JANITOR] Found 13 files.
[19:55:18.229] [JANITOR] Starting scan of: C:\Users\MoRDekai1364\Downloads
[19:55:18.230] [JANITOR] Found 13 files.
[19:56:18.233] [JANITOR] Starting scan of: C:\Users\MoRDekai1364\Downloads
[19:56:18.234] [JANITOR] Found 13 files.
[19:57:18.237] [JANITOR] Starting scan of: C:\Users\MoRDekai1364\Downloads
[19:57:18.238] [JANITOR] Found 13 files.
[19:58:18.234] [JANITOR] Starting scan of: C:\Users\MoRDekai1364\Downloads
[19:58:18.300] [JANITOR] Found 13 files.
[19:58:32.599] [SESSION] Saved 1 tabs for session restore.
[19:58:32.664] [SESSION] Saved 1 tabs for session restore.
