[14:48:16.007] [SYSTEM] Black Box Logging Initialized.
[14:48:16.533] [SYSTEM] Log Path: H:\Programming\Personal_projects\Horizon_Browser\development_version_alpha\bin\Release\logs\debug_20260430_144815.log
[14:48:16.535] [BOOT] Horizon Stealth Browser is starting...
[14:48:16.543] [BOOT] Mode: Standard Browser
[14:48:16.654] [ENGINE] Initializing Stealth Environment...
[14:48:16.729] [ENGINE] WebView2 Environment Created.
[14:48:16.901] [VAULT] Initialized. Loaded 0 credentials.
[14:48:16.911] [HISTORY] Loaded 27 history entries.
[14:48:16.914] [JANITOR] Initializing Service...
[14:48:16.917] [JANITOR] Timer started. Interval: 60s.
[14:48:17.652] [UI] MainWindow Ready (Multi-Instance + Shortcuts).
[14:48:23.399] [EXT] Skipped Firefox-only extension: 'traduzir_paginas_web-10.1.1.1'
[14:48:23.796] [EXT] Loaded: 'adguard' → ID=gjbcdalockdbdpjilfijigifebblleeo
[14:48:23.938] [EXT] Loaded: 'autoskip-for-youtube™-ads-chrome-web-store' → ID=enpiaeoobofcpedppdnooadnbaldkjih
[14:48:23.968] [EXT] Loaded: 'consent-o-matic' → ID=fennofgmefeblbegldihhmpehdehoflg
[14:48:24.011] [EXT] Loaded: 'crx-extractor-downloader-chrome-web-store' → ID=aagoielimgdcaagiedmdildgfdhcmogh
[14:48:24.033] [EXT] Loaded: 'dark-mode-chrome-web-store' → ID=pnbopgbekiomlhlfodahgbchgghkkkie
[14:48:24.040] [EXT] Loaded: 'document-preview-exporter-for-google-drive-chrome-web-store' → ID=igdgheonliiohfnmpdnpimnojhednhon
[14:48:24.165] [EXT] Loaded: 'google-docs-offline-chrome-web-store' → ID=fjfcaoomjhlpbniopilcfbpefalbhpba
[14:48:24.458] [EXT] Loaded: 'linguist-web-page-translator-chrome-web-store' → ID=cknpchhamkghepdgmebdeeiklbmhajjb
[14:48:24.489] [EXT] Loaded: 'manus-ai-browser-operator-chrome-web-store' → ID=mahdomgfmegkjcelplonolabemigokdm
[14:48:24.544] [EXT] Loaded: 'pip-youtube-pip-chrome-web-store' → ID=genekjfjfkimebghjfadgkigblpjbfaf
[14:48:24.569] [EXT] Loaded: 'remove-paywalls-chrome-web-store' → ID=mlfdcdoeelfhknfbpcjgffjbcjcipccl
[14:48:24.588] [EXT] Loaded: 'save-it-later-chrome-web-store' → ID=dbhoefmijjkdalpfhgfcpakjilijegok
[14:48:25.077] [EXT] Loaded: 'sponsorblock-for-youtube-skip-sponsorships-chrome-web-store' → ID=llafjhmkffdlhpiojoipllmmedhckpgh
[14:48:25.105] [EXT] Loaded: 'tldr-this-free-automatic-text-summary-tool-chrome-web-store' → ID=bjchemafiampldmkfmpigfoakogialkl
[14:48:25.108] [EXT] Extension loading done — 14 loaded, 0 failed.
[14:48:25.453] [SESSION] Saved 1 tabs for session restore.
[14:48:25.574] [SESSION] Saved 1 tabs for session restore.
