[23:27:07.733] [SYSTEM] Black Box Logging Initialized.
[23:27:07.743] [SYSTEM] Log Path: E:\Programming\Personal_projects\Horizon_Browser\development_version\bin\Release\logs\debug_20260406_232707.log
[23:27:07.744] [BOOT] Horizon Stealth Browser is starting...
[23:27:07.751] [BOOKMARKS] Initialized. Loaded 0 bookmarks.
[23:27:07.752] [BOOT] Mode: Standard Browser
[23:27:07.757] [ENGINE] Initializing Stealth Environment...
[23:27:07.795] [ENGINE] WebView2 Environment Created.
[23:27:07.939] [VAULT] Initialized. Loaded 0 credentials.
[23:27:07.951] [HISTORY] Loaded 32 history entries.
[23:27:07.952] [JANITOR] Initializing Service...
[23:27:07.955] [JANITOR] Timer started. Interval: 60s.
[23:27:08.720] [UI] MainWindow Ready (Multi-Instance + Shortcuts).
[23:27:15.578] [EXT] Skipped Firefox-only extension: 'traduzir_paginas_web-10.1.1.1'
[23:27:16.041] [EXT] Loaded: 'adguard' → ID=gjbcdalockdbdpjilfijigifebblleeo
[23:27:16.221] [EXT] Loaded: 'autoskip-for-youtube™-ads-chrome-web-store' → ID=enpiaeoobofcpedppdnooadnbaldkjih
[23:27:16.250] [EXT] Loaded: 'consent-o-matic' → ID=fennofgmefeblbegldihhmpehdehoflg
[23:27:16.286] [EXT] Loaded: 'crx-extractor-downloader-chrome-web-store' → ID=aagoielimgdcaagiedmdildgfdhcmogh
[23:27:16.322] [EXT] Loaded: 'dark-mode-chrome-web-store' → ID=pnbopgbekiomlhlfodahgbchgghkkkie
[23:27:16.347] [EXT] Loaded: 'document-preview-exporter-for-google-drive-chrome-web-store' → ID=igdgheonliiohfnmpdnpimnojhednhon
[23:27:16.612] [EXT] Loaded: 'google-docs-offline-chrome-web-store' → ID=fjfcaoomjhlpbniopilcfbpefalbhpba
[23:27:17.228] [EXT] Loaded: 'linguist-web-page-translator-chrome-web-store' → ID=cknpchhamkghepdgmebdeeiklbmhajjb
[23:27:17.295] [EXT] Loaded: 'manus-ai-browser-operator-chrome-web-store' → ID=mahdomgfmegkjcelplonolabemigokdm
[23:27:17.297] [EXT] Loaded: 'pip-youtube-pip-chrome-web-store' → ID=genekjfjfkimebghjfadgkigblpjbfaf
[23:27:17.313] [EXT] Loaded: 'remove-paywalls-chrome-web-store' → ID=mlfdcdoeelfhknfbpcjgffjbcjcipccl
[23:27:17.328] [EXT] Loaded: 'save-it-later-chrome-web-store' → ID=dbhoefmijjkdalpfhgfcpakjilijegok
[23:27:17.969] [EXT] Loaded: 'sponsorblock-for-youtube-skip-sponsorships-chrome-web-store' → ID=llafjhmkffdlhpiojoipllmmedhckpgh
[23:27:17.977] [EXT] Loaded: 'tldr-this-free-automatic-text-summary-tool-chrome-web-store' → ID=bjchemafiampldmkfmpigfoakogialkl
[23:27:17.978] [EXT] Extension loading done — 14 loaded, 0 failed.
[23:28:07.966] [JANITOR] Starting scan of: C:\Users\MoRDekai1364\Downloads
[23:28:07.968] [JANITOR] Found 17 files.
[23:28:09.395] [MEM] Pressure: 2276 MB — queued 6 tab(s) for sleep
[23:28:09.412] [SLEEP] Tab sleeping (soft): chrome-extension
[23:28:09.413] [SLEEP] Tab sleeping (soft): chrome-extension
[23:28:09.413] [SLEEP] Tab sleeping (soft): TLDR This Chrome Extension | TLDR This
[23:28:09.414] [SLEEP] Tab sleeping (soft): chrome-extension
[23:28:09.414] [SLEEP] Tab sleeping (soft): Features of CRX extractor and downloader extension · The Bytes Effect
[23:28:25.898] [SESSION] Saved 7 tabs for session restore.
[23:28:25.976] [SESSION] Saved 7 tabs for session restore.
