[21:50:04.354] [SYSTEM] Black Box Logging Initialized.
[21:50:04.370] [SYSTEM] Log Path: H:\Programming\Personal_projects\Horizon_Browser\development_version_alpha\bin\Release\logs\debug_20260430_215004.log
[21:50:04.372] [BOOT] Horizon Stealth Browser is starting...
[21:50:04.379] [BOOT] Mode: Standard Browser
[21:50:04.388] [ENGINE] Initializing Stealth Environment...
[21:50:04.429] [ENGINE] WebView2 Environment Created.
[21:50:04.585] [VAULT] Initialized. Loaded 0 credentials.
[21:50:04.597] [HISTORY] Loaded 28 history entries.
[21:50:04.600] [JANITOR] Initializing Service...
[21:50:04.605] [JANITOR] Timer started. Interval: 60s.
[21:50:05.215] [UI] MainWindow Ready (Multi-Instance + Shortcuts).
[21:50:11.019] [EXT] Skipped Firefox-only extension: 'traduzir_paginas_web-10.1.1.1'
[21:50:11.396] [EXT] Loaded: 'adguard' → ID=gjbcdalockdbdpjilfijigifebblleeo
[21:50:11.670] [EXT] Loaded: 'autoskip-for-youtube™-ads-chrome-web-store' → ID=enpiaeoobofcpedppdnooadnbaldkjih
[21:50:11.682] [EXT] Loaded: 'consent-o-matic' → ID=fennofgmefeblbegldihhmpehdehoflg
[21:50:11.710] [EXT] Loaded: 'crx-extractor-downloader-chrome-web-store' → ID=aagoielimgdcaagiedmdildgfdhcmogh
[21:50:11.740] [EXT] Loaded: 'dark-mode-chrome-web-store' → ID=pnbopgbekiomlhlfodahgbchgghkkkie
[21:50:11.755] [EXT] Loaded: 'document-preview-exporter-for-google-drive-chrome-web-store' → ID=igdgheonliiohfnmpdnpimnojhednhon
[21:50:11.894] [EXT] Loaded: 'google-docs-offline-chrome-web-store' → ID=fjfcaoomjhlpbniopilcfbpefalbhpba
[21:50:12.203] [EXT] Loaded: 'linguist-web-page-translator-chrome-web-store' → ID=cknpchhamkghepdgmebdeeiklbmhajjb
[21:50:12.254] [EXT] Loaded: 'manus-ai-browser-operator-chrome-web-store' → ID=mahdomgfmegkjcelplonolabemigokdm
[21:50:12.301] [EXT] Loaded: 'pip-youtube-pip-chrome-web-store' → ID=genekjfjfkimebghjfadgkigblpjbfaf
[21:50:12.312] [EXT] Loaded: 'remove-paywalls-chrome-web-store' → ID=mlfdcdoeelfhknfbpcjgffjbcjcipccl
[21:50:12.330] [EXT] Loaded: 'save-it-later-chrome-web-store' → ID=dbhoefmijjkdalpfhgfcpakjilijegok
[21:50:12.772] [EXT] Loaded: 'sponsorblock-for-youtube-skip-sponsorships-chrome-web-store' → ID=llafjhmkffdlhpiojoipllmmedhckpgh
[21:50:12.813] [EXT] Loaded: 'tldr-this-free-automatic-text-summary-tool-chrome-web-store' → ID=bjchemafiampldmkfmpigfoakogialkl
[21:50:12.816] [EXT] Extension loading done — 14 loaded, 0 failed.
[21:50:13.368] [SESSION] Saved 1 tabs for session restore.
[21:50:13.447] [SESSION] Saved 1 tabs for session restore.
