[09:31:56.479] [SYSTEM] Black Box Logging Initialized.
[09:31:56.487] [SYSTEM] Log Path: E:\Programming\Personal_projects\Horizon_Browser\Horizon_Browser\bin\Release\logs\debug_20260404_093156.log
[09:31:56.488] [BOOT] Horizon Stealth Browser is starting...
[09:31:56.493] [BOOKMARKS] Initialized. Loaded 0 bookmarks.
[09:31:56.494] [BOOT] Mode: Standard Browser
[09:31:56.498] [ENGINE] Initializing Stealth Environment...
[09:31:56.524] [ENGINE] WebView2 Environment Created.
[09:31:56.653] [VAULT] Initialized. Loaded 0 credentials.
[09:31:56.664] [HISTORY] Loaded 268 history entries.
[09:31:56.665] [JANITOR] Initializing Service...
[09:31:56.667] [JANITOR] Timer started. Interval: 60s.
[09:31:57.224] [UI] MainWindow Ready (Multi-Instance + Shortcuts).
[09:31:59.953] [EXT] Skipped Firefox-only extension: 'traduzir_paginas_web-10.1.1.1'
[09:32:00.197] [EXT] Loaded: 'adguard' → ID=gjbcdalockdbdpjilfijigifebblleeo
[09:32:00.313] [EXT] Loaded: 'autoskip-for-youtube™-ads-chrome-web-store' → ID=enpiaeoobofcpedppdnooadnbaldkjih
[09:32:00.321] [EXT] Loaded: 'consent-o-matic' → ID=fennofgmefeblbegldihhmpehdehoflg
[09:32:00.332] [EXT] Loaded: 'crx-extractor-downloader-chrome-web-store' → ID=aagoielimgdcaagiedmdildgfdhcmogh
[09:32:00.589] [EXT] Loaded: 'google-docs-offline-chrome-web-store' → ID=fjfcaoomjhlpbniopilcfbpefalbhpba
[09:32:00.690] [EXT] Loaded: 'linguist-web-page-translator-chrome-web-store' → ID=cknpchhamkghepdgmebdeeiklbmhajjb
[09:32:00.710] [EXT] Loaded: 'manus-ai-browser-operator-chrome-web-store' → ID=mahdomgfmegkjcelplonolabemigokdm
[09:32:00.718] [EXT] Loaded: 'remove-paywalls-chrome-web-store' → ID=mlfdcdoeelfhknfbpcjgffjbcjcipccl
[09:32:00.741] [EXT] Loaded: 'save-it-later-chrome-web-store' → ID=dbhoefmijjkdalpfhgfcpakjilijegok
[09:32:01.115] [EXT] Loaded: 'sponsorblock-for-youtube-skip-sponsorships-chrome-web-store' → ID=llafjhmkffdlhpiojoipllmmedhckpgh
[09:32:01.150] [EXT] Loaded: 'tldr-this-free-automatic-text-summary-tool-chrome-web-store' → ID=bjchemafiampldmkfmpigfoakogialkl
[09:32:01.160] [EXT] Extension loading done — 11 loaded, 0 failed.
[09:32:09.715] [SESSION] Saved 1 tabs for session restore.
[09:32:09.773] [SESSION] Saved 1 tabs for session restore.
