[19:59:37.543] [SYSTEM] Black Box Logging Initialized.
[19:59:37.550] [SYSTEM] Log Path: H:\Programming\Personal_projects\Horizon_Browser\Horizon_Browser_official_release\bin\Release\logs\debug_20260522_195937.log
[19:59:37.551] [BOOT] Horizon Stealth Browser is starting...
[19:59:37.558] [BOOT] Mode: Standard Browser
[19:59:37.597] [ENGINE] Initializing Stealth Environment...
[19:59:37.637] [ENGINE] WebView2 Environment Created.
[19:59:37.805] [VAULT] Initialized. Loaded 0 credentials.
[19:59:37.811] [HISTORY] Loaded 1 history entries.
[19:59:37.813] [JANITOR] Initializing Service...
[19:59:37.816] [JANITOR] Timer started. Interval: 60s.
[19:59:38.690] [UI] MainWindow Ready (Multi-Instance + Shortcuts).
[19:59:44.903] [EXT] Skipped Firefox-only extension: 'traduzir_paginas_web-10.1.1.1'
[19:59:45.216] [EXT] Loaded: 'adguard' → ID=gjbcdalockdbdpjilfijigifebblleeo
[19:59:45.335] [EXT] Loaded: 'autoskip-for-youtube™-ads-chrome-web-store' → ID=enpiaeoobofcpedppdnooadnbaldkjih
[19:59:45.360] [EXT] Loaded: 'consent-o-matic' → ID=fennofgmefeblbegldihhmpehdehoflg
[19:59:45.380] [EXT] Loaded: 'crx-extractor-downloader-chrome-web-store' → ID=aagoielimgdcaagiedmdildgfdhcmogh
[19:59:45.416] [EXT] Loaded: 'dark-mode-chrome-web-store' → ID=pnbopgbekiomlhlfodahgbchgghkkkie
[19:59:45.443] [EXT] Loaded: 'document-preview-exporter-for-google-drive-chrome-web-store' → ID=igdgheonliiohfnmpdnpimnojhednhon
[19:59:45.589] [EXT] Loaded: 'google-docs-offline-chrome-web-store' → ID=fjfcaoomjhlpbniopilcfbpefalbhpba
[19:59:45.852] [EXT] Loaded: 'linguist-web-page-translator-chrome-web-store' → ID=cknpchhamkghepdgmebdeeiklbmhajjb
[19:59:45.875] [EXT] Loaded: 'manus-ai-browser-operator-chrome-web-store' → ID=mahdomgfmegkjcelplonolabemigokdm
[19:59:45.885] [EXT] Loaded: 'pip-youtube-pip-chrome-web-store' → ID=genekjfjfkimebghjfadgkigblpjbfaf
[19:59:45.896] [EXT] Loaded: 'remove-paywalls-chrome-web-store' → ID=mlfdcdoeelfhknfbpcjgffjbcjcipccl
[19:59:45.928] [EXT] Loaded: 'save-it-later-chrome-web-store' → ID=dbhoefmijjkdalpfhgfcpakjilijegok
[19:59:46.377] [EXT] Loaded: 'sponsorblock-for-youtube-skip-sponsorships-chrome-web-store' → ID=llafjhmkffdlhpiojoipllmmedhckpgh
[19:59:46.399] [EXT] Loaded: 'tldr-this-free-automatic-text-summary-tool-chrome-web-store' → ID=bjchemafiampldmkfmpigfoakogialkl
[19:59:46.402] [EXT] Extension loading done — 14 loaded, 0 failed.
[19:59:49.155] [SESSION] Saved 1 tabs for session restore.
[19:59:49.214] [SESSION] Saved 1 tabs for session restore.
