2026-09-21 12:37:34,598 [INFO] Source folder: E:\Programming\Personal_projects\Horizon_Browser\Horizon_Browser_official_release\code_files
2026-09-21 12:37:34,598 [INFO] Temp log: C:\Users\MORDEK~1\AppData\Local\Temp\push_to_github_20260921_123734.log
2026-09-21 12:37:34,599 [DEBUG] Running: git --version
2026-09-21 12:37:34,739 [DEBUG] stdout: git version 2.55.0.windows.2
2026-09-21 12:37:34,740 [DEBUG] stderr: 
2026-09-21 12:37:34,740 [INFO] Existing git repository detected.
2026-09-21 12:37:34,740 [DEBUG] Running: git remote -v
2026-09-21 12:37:34,839 [DEBUG] stdout: origin	https://github.com/MoRDekai1364/Horizon_Browser (fetch)
origin	https://github.com/MoRDekai1364/Horizon_Browser (push)
2026-09-21 12:37:34,840 [DEBUG] stderr: 
2026-09-21 12:37:34,841 [INFO] Detected remotes:
2026-09-21 12:37:34,841 [INFO]   1. origin -> https://github.com/MoRDekai1364/Horizon_Browser
2026-09-21 12:37:34,841 [INFO]   2. Enter a new repository URL
2026-09-21 12:37:37,080 [INFO] Verifying repository access.
2026-09-21 12:37:37,080 [DEBUG] Running: git ls-remote https://github.com/MoRDekai1364/Horizon_Browser
2026-09-21 12:37:38,092 [DEBUG] stdout: 369bc34b0eb442f66bc59b53de084935ad0164a2	HEAD
330ca2b02f0381e1371865ec855baaa718eb793a	refs/heads/alpha
8d27432c7e58db0d1d7e54a9edc4d274e7317c93	refs/heads/beta
22644b0d8d098df9ebb775e185004978ae0c99e8	refs/heads/local_usable
369bc34b0eb442f66bc59b53de084935ad0164a2	refs/heads/official_release
80c2e9b562c2a11b3ad8993e03429efa743ac1eb	refs/tags/Horizon
5ffe45035b989122fa937a9a2afc6a67a4663fb2	refs/tags/Horizon_2.6.1
5ffe45035b989122fa937a9a2afc6a67a4663fb2	refs/tags/Horizon_2.6.2
80c2e9b562c2a11b3ad8993e03429efa743ac1eb	refs/tags/Horizon_Browser_2.0
88531221ba30ce81d7a808e5d04115b71364a32f	refs/tags/Horizon_Browser_2.1
e97fdaa873ede316dfccdc9d1f357ea89c9b30a8	refs/tags/Horizon_Browser_2.2
65aabcd91d50749048d80e690951c1c6840c9cff	refs/tags/Horizon_Browser_2.3
1704d5bb9db2807f1c7b248ab078a590f10a3722	refs/tags/Horizon_Browser_2.4
5ffe45035b989122fa937a9a2afc6a67a4663fb2	refs/tags/Horizon_Browser_2.6.3
f320c7c49374bb613c339116b1cf43998b74ed90	refs/tags/Horizon_Browser_2.6.4
f320c7c49374bb613c339116b1cf43998b74ed90	refs/tags/Horizon_Browser_2.6.5
f320c7c49374bb613c339116b1cf43998b74ed90	refs/tags/Horizon_Browser_2.6.6
f320c7c49374bb613c339116b1cf43998b74ed90	refs/tags/Horizon_Browser_2.6.8
d46a996ea50e9554d2821c113e6bab9af9dc1f3e	refs/tags/Horizon_Browser_2.6.9
369bc34b0eb442f66bc59b53de084935ad0164a2	refs/tags/Horizon_Browser_2.7.3
369bc34b0eb442f66bc59b53de084935ad0164a2	refs/tags/Horizon_Browser_2.7.4
8d27432c7e58db0d1d7e54a9edc4d274e7317c93	refs/tags/Horizon_Browser_2.7.4_Beta
369bc34b0eb442f66bc59b53de084935ad0164a2	refs/tags/Horizon_Browser_2.7.5_Release
d46a996ea50e9554d2821c113e6bab9af9dc1f3e	refs/tags/Horizon_Browser_Beta
d46a996ea50e9554d2821c113e6bab9af9dc1f3e	refs/tags/Horizon_Browser_Official_Release
369bc34b0eb442f66bc59b53de084935ad0164a2	refs/tags/Horizon_Browser_version_2.7.3
80c2e9b562c2a11b3ad8993e03429efa743ac1eb	refs/tags/Horizon_browser
5ffe45035b989122fa937a9a2afc6a67a4663fb2	refs/tags/Horizon_browser_2.6
2026-09-21 12:37:38,092 [DEBUG] stderr: 
2026-09-21 12:37:38,092 [DEBUG] Running: git branch --list
2026-09-21 12:37:38,188 [DEBUG] stdout: * local_usable
2026-09-21 12:37:38,188 [DEBUG] stderr: 
2026-09-21 12:37:38,188 [DEBUG] Running: git ls-remote --heads origin
2026-09-21 12:37:38,954 [DEBUG] stdout: 330ca2b02f0381e1371865ec855baaa718eb793a	refs/heads/alpha
8d27432c7e58db0d1d7e54a9edc4d274e7317c93	refs/heads/beta
22644b0d8d098df9ebb775e185004978ae0c99e8	refs/heads/local_usable
369bc34b0eb442f66bc59b53de084935ad0164a2	refs/heads/official_release
2026-09-21 12:37:38,955 [DEBUG] stderr: 
2026-09-21 12:37:38,955 [INFO] Detected branches:
2026-09-21 12:37:38,955 [INFO]   1. alpha
2026-09-21 12:37:38,956 [INFO]   2. beta
2026-09-21 12:37:38,957 [INFO]   3. local_usable
2026-09-21 12:37:38,958 [INFO]   4. official_release
2026-09-21 12:37:38,960 [INFO]   5. Enter a new branch name
2026-09-21 12:37:48,617 [DEBUG] Running: git status --porcelain
2026-09-21 12:37:48,875 [DEBUG] stdout: M push_to_github.py
?? logs/push_to_github_20260907_233100.log
2026-09-21 12:37:48,876 [DEBUG] stderr: 
2026-09-21 12:37:48,876 [DEBUG] Running: git status --porcelain
2026-09-21 12:37:49,015 [DEBUG] stdout: M push_to_github.py
?? logs/push_to_github_20260907_233100.log
2026-09-21 12:37:49,016 [DEBUG] stderr: 
2026-09-21 12:37:49,016 [DEBUG] Running: git rev-parse HEAD
2026-09-21 12:37:49,108 [DEBUG] stdout: 092d764e4551b3012334147462d4b6f3482ca5ae
2026-09-21 12:37:49,108 [DEBUG] stderr: 
2026-09-21 12:37:49,108 [DEBUG] Running: git stash
2026-09-21 12:37:49,966 [DEBUG] stdout: Saved working directory and index state WIP on local_usable: 092d764 version 2.7.5
2026-09-21 12:37:49,966 [DEBUG] stderr: 
2026-09-21 12:37:49,966 [DEBUG] Running: git branch --list
2026-09-21 12:37:50,067 [DEBUG] stdout: * local_usable
2026-09-21 12:37:50,068 [DEBUG] stderr: 
2026-09-21 12:37:50,068 [DEBUG] Running: git checkout -b official_release
2026-09-21 12:37:50,288 [DEBUG] stdout: 
2026-09-21 12:37:50,289 [DEBUG] stderr: Switched to a new branch 'official_release'
2026-09-21 12:37:50,289 [DEBUG] Running: git stash pop
2026-09-21 12:37:50,547 [DEBUG] stdout: On branch official_release
Changes not staged for commit:
  (use "git add <file>..." to update what will be committed)
  (use "git restore <file>..." to discard changes in working directory)
	modified:   push_to_github.py

Untracked files:
  (use "git add <file>..." to include in what will be committed)
	logs/push_to_github_20260907_233100.log

no changes added to commit (use "git add" and/or "git commit -a")
Dropped refs/stash@{0} (e5ae57d84eb2246739a2deac7c0b943313c2e573)
2026-09-21 12:37:50,547 [DEBUG] stderr: 
2026-09-21 12:37:50,547 [DEBUG] Running: git add -A
2026-09-21 12:37:50,769 [DEBUG] stdout: 
2026-09-21 12:37:50,769 [DEBUG] stderr: 
2026-09-21 12:37:50,769 [DEBUG] Running: git status --porcelain
2026-09-21 12:37:50,910 [DEBUG] stdout: A  logs/push_to_github_20260907_233100.log
M  push_to_github.py
2026-09-21 12:37:50,910 [DEBUG] stderr: 
2026-09-21 12:38:00,528 [INFO] No commit message entered — using automated message:
2026-09-21 12:38:00,531 [INFO] ----------------------------------------
2026-09-21 12:38:00,532 [INFO] (this is automated commit message) 2026-09-21 12:38:00
2026-09-21 12:38:00,532 [INFO] 
2026-09-21 12:38:00,532 [INFO] Repository: https://github.com/MoRDekai1364/Horizon_Browser
2026-09-21 12:38:00,532 [INFO]   [new] logs/push_to_github_20260907_233100.log
2026-09-21 12:38:00,533 [INFO]   [modified] push_to_github.py
2026-09-21 12:38:00,533 [INFO] ----------------------------------------
2026-09-21 12:38:00,533 [DEBUG] Running: git status --porcelain
2026-09-21 12:38:00,678 [DEBUG] stdout: A  logs/push_to_github_20260907_233100.log
M  push_to_github.py
2026-09-21 12:38:00,678 [DEBUG] stderr: 
2026-09-21 12:38:00,678 [DEBUG] Running: git commit -m (this is automated commit message) 2026-09-21 12:38:00

Repository: https://github.com/MoRDekai1364/Horizon_Browser
  [new] logs/push_to_github_20260907_233100.log
  [modified] push_to_github.py
2026-09-21 12:38:04,855 [DEBUG] stdout: [official_release ef65ab4] (this is automated commit message) 2026-09-21 12:38:00
 2 files changed, 2748 insertions(+), 8 deletions(-)
 create mode 100644 logs/push_to_github_20260907_233100.log
2026-09-21 12:38:04,856 [DEBUG] stderr: 
2026-09-21 12:38:04,856 [INFO] Checking for remote changes before pushing.
2026-09-21 12:38:04,856 [DEBUG] Running: git fetch origin
2026-09-21 12:38:05,757 [DEBUG] stdout: 
2026-09-21 12:38:05,758 [DEBUG] stderr: 
2026-09-21 12:38:05,758 [DEBUG] Running: git rev-parse --verify --quiet origin/official_release
2026-09-21 12:38:05,845 [DEBUG] stdout: 369bc34b0eb442f66bc59b53de084935ad0164a2
2026-09-21 12:38:05,846 [DEBUG] stderr: 
2026-09-21 12:38:05,846 [DEBUG] Running: git rev-parse official_release
2026-09-21 12:38:05,937 [DEBUG] stdout: ef65ab40e665603cf0c666dca58db457bbcd39a5
2026-09-21 12:38:05,937 [DEBUG] stderr: 
2026-09-21 12:38:05,937 [DEBUG] Running: git rev-parse origin/official_release
2026-09-21 12:38:06,038 [DEBUG] stdout: 369bc34b0eb442f66bc59b53de084935ad0164a2
2026-09-21 12:38:06,038 [DEBUG] stderr: 
2026-09-21 12:38:06,038 [DEBUG] Running: git rev-list --count official_release..origin/official_release
2026-09-21 12:38:06,132 [DEBUG] stdout: 65
2026-09-21 12:38:06,133 [DEBUG] stderr: 
2026-09-21 12:38:06,133 [INFO] Remote has 65 commit(s) you don't have locally — rebasing before push.
2026-09-21 12:38:06,133 [DEBUG] Running: git rebase origin/official_release
2026-09-21 12:38:12,180 [DEBUG] stdout: 
2026-09-21 12:38:12,180 [DEBUG] stderr: fatal: cannot create directory at 'bin/Release/HorizonData/EBWebView/Default/Service Worker/CacheStorage/1e538fbb9a411578d5bec848a4a4b012e8b26441/e61324ad-efcf-4993-a147-dbfbc543c56d/index-dir': Filename too long
2026-09-21 12:38:12,180 [DEBUG] Running: git rebase --abort
2026-09-21 12:38:33,821 [DEBUG] stdout: 
2026-09-21 12:38:33,821 [DEBUG] stderr: 
2026-09-21 12:38:33,821 [INFO] Rebase failed — local and remote history conflict (often because the local
2026-09-21 12:38:33,821 [INFO] repo was freshly initialized and shares no commit history with the remote).
2026-09-21 12:38:33,822 [INFO] How should conflicting lines be resolved?
2026-09-21 12:38:33,822 [INFO]   1. Keep MY local version wherever content conflicts
2026-09-21 12:38:33,822 [INFO]   2. Keep the REMOTE version wherever content conflicts
2026-09-21 12:38:33,822 [INFO]   3. Abort — I'll resolve manually in a terminal
2026-09-21 12:41:14,672 [DEBUG] Running: git merge -X ours origin/official_release -m Merge origin/official_release, prefer ours --allow-unrelated-histories
2026-09-21 12:41:15,571 [DEBUG] stdout: 
2026-09-21 12:41:15,571 [DEBUG] stderr: error: The following untracked working tree files would be overwritten by merge:
	.github/workflows/dotnet-desktop.yml
	Finish.txt
	Hello.txt
	Horizon_Browser.lnk
	Read_Before_Use.txt
	Setup_File/Setup_Horizon_Browser_Official_Release.exe
	Setup_Horizon_Browser_Official_Release.iss
	TERMS_OF SERVICE
Please move or remove them before you merge.
Aborting
Merge with strategy ort failed.
2026-09-21 12:41:15,571 [ERROR] Merge with -X ours failed unexpectedly: error: The following untracked working tree files would be overwritten by merge:
	.github/workflows/dotnet-desktop.yml
	Finish.txt
	Hello.txt
	Horizon_Browser.lnk
	Read_Before_Use.txt
	Setup_File/Setup_Horizon_Browser_Official_Release.exe
	Setup_Horizon_Browser_Official_Release.iss
	TERMS_OF SERVICE
Please move or remove them before you merge.
Aborting
Merge with strategy ort failed.
