[2026-04-04 21:59:45] [INFO] GUI Mode Initialized.
[2026-04-04 21:59:45] [INFO] Starting Discovery Phase.
[2026-04-04 21:59:47] [CRITICAL] Horizon.Stealth.exe not found anywhere.
[2026-04-04 22:01:18] [INFO] GUI Mode Initialized.
[2026-04-04 22:01:18] [INFO] Starting Discovery Phase.
[2026-04-04 22:01:19] [CRITICAL] Horizon.Stealth.exe not found anywhere.
[2026-04-04 22:02:19] [INFO] GUI Mode Initialized.
[2026-04-04 22:02:19] [INFO] Starting Discovery Phase.
[2026-04-04 22:02:21] [CRITICAL] Horizon.Stealth.exe not found anywhere.
[2026-04-04 22:05:19] [INFO] GUI Mode Initialized.
[2026-04-04 22:05:19] [INFO] Starting Discovery Phase.
[2026-04-04 22:05:19] [INFO] Found in current directory.
[2026-04-04 22:05:25] [INFO] Log moved to target. Backup Dir Resolved: C:\Program Files\Horizon_Browser\Backup
[2026-04-04 22:05:26] [INFO] Restored cookies.json
[2026-04-04 22:05:28] [INFO] HorizonData restored successfully.
[2026-04-04 22:05:28] [INFO] Restore completed successfully from C:\Program Files\Horizon_Browser\Backup
[2026-04-04 22:05:39] [INFO] GUI Mode Initialized.
[2026-04-04 22:05:39] [INFO] Starting Discovery Phase.
[2026-04-04 22:05:39] [INFO] Found in current directory.
[2026-04-04 22:05:46] [INFO] Log moved to target. Backup Dir Resolved: C:\Program Files\Horizon_Browser\Backup
[2026-04-04 22:05:47] [INFO] Restored cookies.json
[2026-04-04 22:05:47] [INFO] HorizonData restored successfully.
[2026-04-04 22:05:47] [INFO] Restore completed successfully from C:\Program Files\Horizon_Browser\Backup
[2026-04-04 22:11:09] [INFO] GUI Mode Initialized.
[2026-04-04 22:11:09] [INFO] Starting Discovery Phase.
[2026-04-04 22:11:09] [INFO] Found in current directory.
[2026-04-04 22:11:13] [INFO] Log moved to target. Backup Dir Resolved: C:\Program Files\Horizon_Browser\Backup
[2026-04-04 22:11:13] [INFO] Restored cookies.json
[2026-04-04 22:11:15] [INFO] HorizonData restored successfully.
[2026-04-04 22:11:16] [INFO] Restore completed successfully from C:\Program Files\Horizon_Browser\Backup
[2026-04-04 22:14:34] [INFO] GUI Mode Initialized.
[2026-04-04 22:14:34] [INFO] Starting Discovery Phase.
[2026-04-04 22:14:34] [INFO] Found in current directory.
[2026-04-04 22:14:38] [INFO] Log moved to target. Backup Dir Resolved: C:\Program Files\Horizon_Browser\Backup
[2026-04-04 22:14:38] [INFO] Restored cookies.json
[2026-04-04 22:14:40] [INFO] HorizonData restored successfully.
[2026-04-04 22:14:40] [INFO] Restore completed successfully from C:\Program Files\Horizon_Browser\Backup
[2026-04-05 09:24:46] [INFO] GUI Mode Initialized.
[2026-04-05 09:24:46] [INFO] Starting Discovery Phase.
[2026-04-05 09:24:46] [INFO] Found in current directory.
[2026-04-05 09:25:36] [INFO] GUI Mode Initialized.
[2026-04-05 09:25:37] [INFO] Starting Discovery Phase.
[2026-04-05 09:25:37] [INFO] Found in current directory.
[2026-04-05 09:25:40] [INFO] Log moved to target. Backup Dir Resolved: C:\Program Files\Horizon_Browser\Backup
[2026-04-05 09:25:40] [INFO] Restored cookies.json
[2026-04-05 09:25:44] [INFO] HorizonData restored successfully.
[2026-04-05 09:25:44] [INFO] Restore completed successfully from C:\Program Files\Horizon_Browser\Backup
[2026-04-05 09:26:03] [INFO] GUI Mode Initialized.
[2026-04-05 09:26:03] [INFO] Starting Discovery Phase.
[2026-04-05 09:26:03] [INFO] Found in current directory.
[2026-04-05 09:32:49] [INFO] GUI Mode Initialized.
[2026-04-05 09:32:49] [INFO] Starting Discovery Phase.
[2026-04-05 09:32:49] [INFO] Found in current directory.
[2026-04-05 23:22:52] [INFO] GUI Mode Initialized.
[2026-04-05 23:22:52] [INFO] Starting Discovery Phase.
[2026-04-05 23:22:52] [INFO] Found in current directory.
[2026-04-05 23:27:36] [INFO] GUI Mode Initialized.
[2026-04-05 23:27:36] [INFO] Starting Discovery Phase.
[2026-04-05 23:27:37] [INFO] Release version detected. Auto-selecting.
[2026-04-06 00:02:48] [INFO] GUI Mode Initialized.
[2026-04-06 00:02:48] [INFO] Starting Discovery Phase.
[2026-04-06 00:02:48] [INFO] Found in current directory.
[2026-04-06 00:02:57] [INFO] Log moved to target. Backup Dir Resolved: C:\Program Files\Horizon_Browser\Backup
[2026-04-06 00:02:57] [INFO] Restored cookies.json
[2026-04-06 00:03:01] [INFO] HorizonData restored successfully.
[2026-04-06 00:03:01] [INFO] Restore completed successfully from C:\Program Files\Horizon_Browser\Backup
[2026-04-06 10:07:22] [INFO] GUI Mode Initialized.
[2026-04-06 10:07:22] [INFO] Starting Discovery Phase.
[2026-04-06 10:07:22] [INFO] Found in current directory.
[2026-04-06 10:35:02] [INFO] GUI Mode Initialized.
[2026-04-06 10:35:02] [INFO] Starting Discovery Phase.
[2026-04-06 10:35:02] [INFO] Release build auto-selected.
[2026-04-06 11:17:01] [INFO] GUI Initialized.
[2026-04-06 11:17:01] [INFO] Starting Discovery Phase.
[2026-04-06 11:17:01] [INFO] Release build auto-selected.
[2026-04-06 11:17:08] [INFO] Backup root set: C:\Program Files\Horizon_Browser\Backup
